YCSB Client 0.9.0
Command line: -db com.yahoo.ycsb.db.MongoDbClientCRU -P workloads/workloada -threads 1 -p measurementtype=timeseries -p recordcount=40000000 -p operationcount=10000 -load
Loading workload...
Starting test.
DBWrapper: report latency for each error is false and specific error codes to track for latency are: []
com.mongodb.WriteConcernException: { "serverUsed" : "localhost:27017" , "ok" : 1 , "n" : 0 , "err" : "new file allocation failure" , "code" : 12520}
	at com.mongodb.CommandResult.getWriteException(CommandResult.java:90)
	at com.mongodb.CommandResult.getException(CommandResult.java:79)
	at com.mongodb.DBCollectionImpl.translateBulkWriteException(DBCollectionImpl.java:316)
	at com.mongodb.DBCollectionImpl.insert(DBCollectionImpl.java:191)
	at com.mongodb.DBCollectionImpl.insert(DBCollectionImpl.java:167)
	at com.mongodb.DBCollection.insert(DBCollection.java:93)
	at com.mongodb.DBCollection.insert(DBCollection.java:78)
	at com.mongodb.DBCollection.insert(DBCollection.java:120)
	at com.yahoo.ycsb.db.MongoDbClientCRU.insert(MongoDbClientCRU.java:202)
	at com.yahoo.ycsb.DBWrapper.insert(DBWrapper.java:240)
	at com.yahoo.ycsb.workloads.CoreWorkload.doInsert(CoreWorkload.java:592)
	at com.yahoo.ycsb.ClientThread.run(Client.java:475)
	at java.lang.Thread.run(Thread.java:745)
Error inserting, not retrying any more. number of attempts: 1Insertion Retry Limit: 0
YCSB Client 0.9.0
Command line: -db com.yahoo.ycsb.db.MongoDbClientCRU -P workloads/read-workload -threads 1 -p measurementtype=raw -p recordcount=40000000 -p operationcount=153125 -t
Loading workload...
Starting test.
DBWrapper: report latency for each error is false and specific error codes to track for latency are: []
